
Memory Configuration

Name             Origin             Length             Attributes
flash            0x00000000         0x20000000         xr
sram             0x20000000         0x20000000         xrw
*default*        0x00000000         0xffffffff

Linker script and memory map


.text           0x00000000      0x1d8
 *(.vectors*)
 .vectors       0x00000000       0x14 startup.o
                0x00000000                g_vector
 *(.text*)
 .text          0x00000014       0x90 startup.o
                0x00000014                reset_handler
                0x00000098                bus_fault
                0x00000098                default_handler
                0x00000098                nmi_handler
                0x00000098                h_fault_handler
 .text          0x000000a4       0x3c main.o
                0x000000a4                main
 .text          0x000000e0       0x16 p_sensor.o
                0x000000e0                read_sensor
 .text          0x000000f6       0x1c p_alarm.o
                0x000000f6                alarm_turn_on
                0x00000104                alarm_turn_off
 *fill*         0x00000112        0x2 
 .text          0x00000114       0xc4 driver.o
                0x00000114                Delay
                0x00000134                getPressureVal
                0x0000014c                Set_Alarm_actuator
                0x00000188                GPIO_INITIALIZATION
                0x000001d8                _E_text = .

.glue_7         0x000001d8        0x0
 .glue_7        0x000001d8        0x0 linker stubs

.glue_7t        0x000001d8        0x0
 .glue_7t       0x000001d8        0x0 linker stubs

.vfp11_veneer   0x000001d8        0x0
 .vfp11_veneer  0x000001d8        0x0 linker stubs

.v4_bx          0x000001d8        0x0
 .v4_bx         0x000001d8        0x0 linker stubs

.iplt           0x000001d8        0x0
 .iplt          0x000001d8        0x0 startup.o

.rel.dyn        0x000001d8        0x0
 .rel.iplt      0x000001d8        0x0 startup.o

.data           0x20000000        0x0 load address 0x000001d8
                0x20000000                _S_data = .
 *(.data*)
 .data          0x20000000        0x0 startup.o
 .data          0x20000000        0x0 main.o
 .data          0x20000000        0x0 p_sensor.o
 .data          0x20000000        0x0 p_alarm.o
 .data          0x20000000        0x0 driver.o
                0x20000000                _E_data = .

.igot.plt       0x20000000        0x0 load address 0x000001d8
 .igot.plt      0x20000000        0x0 startup.o

.bss            0x20000000      0x400 load address 0x000001d8
                0x20000000                _S_bss = .
 *(.bss*)
 .bss           0x20000000      0x400 startup.o
 .bss           0x20000400        0x0 main.o
 .bss           0x20000400        0x0 p_sensor.o
 .bss           0x20000400        0x0 p_alarm.o
 .bss           0x20000400        0x0 driver.o
                0x20000400                _E_bss = .
                0x20001400                _stack_top = (. + 0x1000)
LOAD startup.o
LOAD main.o
LOAD p_sensor.o
LOAD p_alarm.o
LOAD driver.o
OUTPUT(pressureDetectionSystem.elf elf32-littlearm)

.debug_info     0x00000000     0x2882
 .debug_info    0x00000000      0x196 startup.o
 .debug_info    0x00000196      0x9ab main.o
 .debug_info    0x00000b41      0x99d p_sensor.o
 .debug_info    0x000014de      0x99f p_alarm.o
 .debug_info    0x00001e7d      0xa05 driver.o

.debug_abbrev   0x00000000      0x735
 .debug_abbrev  0x00000000       0xd3 startup.o
 .debug_abbrev  0x000000d3      0x187 main.o
 .debug_abbrev  0x0000025a      0x187 p_sensor.o
 .debug_abbrev  0x000003e1      0x176 p_alarm.o
 .debug_abbrev  0x00000557      0x1de driver.o

.debug_loc      0x00000000      0x29c
 .debug_loc     0x00000000       0x7c startup.o
 .debug_loc     0x0000007c       0x38 main.o
 .debug_loc     0x000000b4       0x50 p_sensor.o
 .debug_loc     0x00000104       0x58 p_alarm.o
 .debug_loc     0x0000015c      0x140 driver.o

.debug_aranges  0x00000000       0xa0
 .debug_aranges
                0x00000000       0x20 startup.o
 .debug_aranges
                0x00000020       0x20 main.o
 .debug_aranges
                0x00000040       0x20 p_sensor.o
 .debug_aranges
                0x00000060       0x20 p_alarm.o
 .debug_aranges
                0x00000080       0x20 driver.o

.debug_line     0x00000000      0x663
 .debug_line    0x00000000      0x13c startup.o
 .debug_line    0x0000013c      0x129 main.o
 .debug_line    0x00000265      0x122 p_sensor.o
 .debug_line    0x00000387      0x123 p_alarm.o
 .debug_line    0x000004aa      0x1b9 driver.o

.debug_str      0x00000000      0x639
 .debug_str     0x00000000      0x1d6 startup.o
                                0x213 (size before relaxing)
 .debug_str     0x000001d6      0x3d9 main.o
                                0x588 (size before relaxing)
 .debug_str     0x000005af       0x17 p_sensor.o
                                0x589 (size before relaxing)
 .debug_str     0x000005c6       0x27 p_alarm.o
                                0x593 (size before relaxing)
 .debug_str     0x000005ed       0x4c driver.o
                                0x5cc (size before relaxing)

.comment        0x00000000       0x7e
 .comment       0x00000000       0x7e startup.o
                                 0x7f (size before relaxing)
 .comment       0x0000007e       0x7f main.o
 .comment       0x0000007e       0x7f p_sensor.o
 .comment       0x0000007e       0x7f p_alarm.o
 .comment       0x0000007e       0x7f driver.o

.ARM.attributes
                0x00000000       0x33
 .ARM.attributes
                0x00000000       0x33 startup.o
 .ARM.attributes
                0x00000033       0x33 main.o
 .ARM.attributes
                0x00000066       0x33 p_sensor.o
 .ARM.attributes
                0x00000099       0x33 p_alarm.o
 .ARM.attributes
                0x000000cc       0x33 driver.o

.debug_frame    0x00000000      0x19c
 .debug_frame   0x00000000       0x50 startup.o
 .debug_frame   0x00000050       0x30 main.o
 .debug_frame   0x00000080       0x34 p_sensor.o
 .debug_frame   0x000000b4       0x48 p_alarm.o
 .debug_frame   0x000000fc       0xa0 driver.o
